2026/01/23 13:52:40 server listening on port 80
2026/01/23 16:46:29 fetching article https://link.mail.beehiiv.com/ss/c/u001.P4NnsUlWdj7ZhKHSiLLtgJZkm96zR03LgxUxgh_OtOB-i2xZZhFUHD8vUQQ1BXdLHsCBC8lrhe95KfYay9EKxlqLCpfOwqmMYn99zFAV3yy0LRea6M6teys9Gi0ifVzsormruS6-4TY8WDViP6rnUvppPbuGi8-RB10TmvFwKog9AtxDa-gY-0O3tXmnl3RUpNI3CZ6lbUmcVY6x20QLLJFWPgBi9V-RmEGH5AghyKvhC6vK0SYMV95S5OBgjiB8zvdVO1ZncLtdHBx0hAgLWME22K6TtYQ9SM8Y44x5DBS5GgMtSshfgkhZsI3rGiNJTzLycT-xOOeQ5jA4vbmkR4oVe9kIXFWC1pZeSKfpnj3h35qB6PMlD3co031Ic-3n/4nj/z71m4i53RPCAzCjEXM0WEg/h8/h001.lc-uwwDS7hiP2Y10b6CBt3YW6s2SUG8WBwmmkNIB8qA
2026/01/23 16:46:29 Headers:
2026/01/23 16:46:29      Content-Type : [text/html; charset=UTF-8]
2026/01/23 16:46:29      Cross-Origin-Opener-Policy : [same-origin]
2026/01/23 16:46:29      Cross-Origin-Resource-Policy : [same-origin]
2026/01/23 16:46:29      Expires : [Thu, 01 Jan 1970 00:00:01 GMT]
2026/01/23 16:46:29      Set-Cookie : [__cf_bm=GBjCGfn.SUx2Yo5CUE7ptwf4sRveY8hVCEnTe0_4yqY-1769186789-1.0.1.1-R0K5D8sH4N2_zZEV6OVSsgi3wf0RCOcozLI5zQBF.1VyUnyEQ88As1isMN9VgxHSoROINCSIVEuLVbMjedeR2em9_K.e1P7Omwdr2cRzNa4; path=/; expires=Fri, 23-Jan-26 17:16:29 GMT; domain=.beehiiv.com; HttpOnly; Secure; SameSite=None]
2026/01/23 16:46:29      Date : [Fri, 23 Jan 2026 16:46:29 GMT]
2026/01/23 16:46:29      Cross-Origin-Embedder-Policy : [require-corp]
2026/01/23 16:46:29      Origin-Agent-Cluster : [?1]
2026/01/23 16:46:29      Permissions-Policy : [accelerometer=(),browsing-topics=(),camera=(),clipboard-read=(),clipboard-write=(),geolocation=(),gyroscope=(),hid=(),interest-cohort=(),magnetometer=(),microphone=(),payment=(),publickey-credentials-get=(),screen-wake-lock=(),serial=(),sync-xhr=(),usb=()]
2026/01/23 16:46:29      Server-Timing : [chlray;desc="9c28c47d2849a641"]
2026/01/23 16:46:29      X-Content-Type-Options : [nosniff]
2026/01/23 16:46:29      X-Frame-Options : [SAMEORIGIN]
2026/01/23 16:46:29      Cache-Control : [private, max-age=0, no-store, no-cache, must-revalidate, post-check=0, pre-check=0]
2026/01/23 16:46:29      Cf-Mitigated : [challenge]
2026/01/23 16:46:29      Vary : [Accept-Encoding]
2026/01/23 16:46:29      Server : [cloudflare]
2026/01/23 16:46:29      Accept-Ch : [Sec-CH-UA-Bitness, Sec-CH-UA-Arch, Sec-CH-UA-Full-Version, Sec-CH-UA-Mobile, Sec-CH-UA-Model, Sec-CH-UA-Platform-Version, Sec-CH-UA-Full-Version-List, Sec-CH-UA-Platform, Sec-CH-UA, UA-Bitness, UA-Arch, UA-Full-Version, UA-Mobile, UA-Model, UA-Platform-Version, UA-Platform, UA]
2026/01/23 16:46:29      Critical-Ch : [Sec-CH-UA-Bitness, Sec-CH-UA-Arch, Sec-CH-UA-Full-Version, Sec-CH-UA-Mobile, Sec-CH-UA-Model, Sec-CH-UA-Platform-Version, Sec-CH-UA-Full-Version-List, Sec-CH-UA-Platform, Sec-CH-UA, UA-Bitness, UA-Arch, UA-Full-Version, UA-Mobile, UA-Model, UA-Platform-Version, UA-Platform, UA]
2026/01/23 16:46:29      Referrer-Policy : [same-origin]
2026/01/23 16:46:29      Cf-Ray : [9c28c47d2849a641-YYZ]
2026/01/23 16:46:30 Headers:
2026/01/23 16:46:30      Date : [Fri, 23 Jan 2026 16:46:30 GMT]
2026/01/23 16:46:30      Cross-Origin-Embedder-Policy : [require-corp]
2026/01/23 16:46:30      Cross-Origin-Opener-Policy : [same-origin]
2026/01/23 16:46:30      Referrer-Policy : [same-origin]
2026/01/23 16:46:30      Server-Timing : [chlray;desc="9c28c47d790da641"]
2026/01/23 16:46:30      Cache-Control : [private, max-age=0, no-store, no-cache, must-revalidate, post-check=0, pre-check=0]
2026/01/23 16:46:30      Expires : [Thu, 01 Jan 1970 00:00:01 GMT]
2026/01/23 16:46:30      Vary : [Accept-Encoding]
2026/01/23 16:46:30      Content-Type : [text/html; charset=UTF-8]
2026/01/23 16:46:30      Accept-Ch : [Sec-CH-UA-Bitness, Sec-CH-UA-Arch, Sec-CH-UA-Full-Version, Sec-CH-UA-Mobile, Sec-CH-UA-Model, Sec-CH-UA-Platform-Version, Sec-CH-UA-Full-Version-List, Sec-CH-UA-Platform, Sec-CH-UA, UA-Bitness, UA-Arch, UA-Full-Version, UA-Mobile, UA-Model, UA-Platform-Version, UA-Platform, UA]
2026/01/23 16:46:30      Cf-Mitigated : [challenge]
2026/01/23 16:46:30      Critical-Ch : [Sec-CH-UA-Bitness, Sec-CH-UA-Arch, Sec-CH-UA-Full-Version, Sec-CH-UA-Mobile, Sec-CH-UA-Model, Sec-CH-UA-Platform-Version, Sec-CH-UA-Full-Version-List, Sec-CH-UA-Platform, Sec-CH-UA, UA-Bitness, UA-Arch, UA-Full-Version, UA-Mobile, UA-Model, UA-Platform-Version, UA-Platform, UA]
2026/01/23 16:46:30      Origin-Agent-Cluster : [?1]
2026/01/23 16:46:30      Permissions-Policy : [accelerometer=(),browsing-topics=(),camera=(),clipboard-read=(),clipboard-write=(),geolocation=(),gyroscope=(),hid=(),interest-cohort=(),magnetometer=(),microphone=(),payment=(),publickey-credentials-get=(),screen-wake-lock=(),serial=(),sync-xhr=(),usb=()]
2026/01/23 16:46:30      Cross-Origin-Resource-Policy : [same-origin]
2026/01/23 16:46:30      X-Content-Type-Options : [nosniff]
2026/01/23 16:46:30      Cf-Ray : [9c28c47d790da641-YYZ]
2026/01/23 16:46:30      X-Frame-Options : [SAMEORIGIN]
2026/01/23 16:46:30      Set-Cookie : [__cf_bm=2fhRu8BQcUl2tvTQd2r8eMzoFF0ghVAtm7pIouBn67s-1769186789-1.0.1.1-RmD2mb9uV9DJCboPz9ySFCrkhMzWnPfl8rfxw4uUG8lETvqJ1MMQItXULLVzxWZwq1iV9sghT8FfKiNvycgyNUrCtKXxjWxmGZxliy7YTXk; path=/; expires=Fri, 23-Jan-26 17:16:29 GMT; domain=.beehiiv.com; HttpOnly; Secure; SameSite=None]
2026/01/23 16:46:30      Server : [cloudflare]
2026/01/23 16:46:30 Error retrieving article https://link.mail.beehiiv.com/ss/c/u001.P4NnsUlWdj7ZhKHSiLLtgJZkm96zR03LgxUxgh_OtOB-i2xZZhFUHD8vUQQ1BXdLHsCBC8lrhe95KfYay9EKxlqLCpfOwqmMYn99zFAV3yy0LRea6M6teys9Gi0ifVzsormruS6-4TY8WDViP6rnUvppPbuGi8-RB10TmvFwKog9AtxDa-gY-0O3tXmnl3RUpNI3CZ6lbUmcVY6x20QLLJFWPgBi9V-RmEGH5AghyKvhC6vK0SYMV95S5OBgjiB8zvdVO1ZncLtdHBx0hAgLWME22K6TtYQ9SM8Y44x5DBS5GgMtSshfgkhZsI3rGiNJTzLycT-xOOeQ5jA4vbmkR4oVe9kIXFWC1pZeSKfpnj3h35qB6PMlD3co031Ic-3n/4nj/z71m4i53RPCAzCjEXM0WEg/h8/h001.lc-uwwDS7hiP2Y10b6CBt3YW6s2SUG8WBwmmkNIB8qA: curl failed: exit status 22 - adding with empty contents
2026/01/23 22:00:17 fetching article https://clicks.mozilla.org/f/a/OYQNA8685O4QO9SUT4rO_g~~/AAQRxRA~/aJXH1R8fuy5bzqrgEQCwV2CzVTljSjOESomgY7wPgHli619L0VJjCLGIL5biSfKTty33vSx_2WzVVW11-FO1W1UFRQp8_ECQORhSceHQlkpgdEm8GdqIWKPrhrDZwd4TZMbrfmFc2EToJxMBXiDQqZ0WcOtNnbANDOwazjpsQPw-n1UWu5kbDfYs2Jdgr18m3yzXKrTWpN3pVoXPe-Fbv3XFsSIwm12cfKAG7fcxwMHWrWeWO2amUWnPSeRs7glIYGuqL5Cbc1HxQTsSgqop7vS2B6iMm7tAScvSNpMg3qcjjYnqGNG3_p5DW7L1Kp0T7CCYIRM969WmYnrK7Agczohp8wliDDPnubCZuN-ci4hhnv_8ngxxKMSTFauKbyIpnP7eQcY_0kIL5ohtmrW4ZynYZGdZoAu5Bf-oLv5ExxDiJ_WLdjE3GE3MihIYl-29S9CHx-vYGPR-iIFIqUYr_A~~
2026/01/23 22:00:17 Headers:
2026/01/23 22:00:17      Content-Length : [3264]
2026/01/23 22:00:17      Accept-Ranges : [bytes]
2026/01/23 22:00:17      Date : [Fri, 23 Jan 2026 22:00:17 GMT]
2026/01/23 22:00:17      X-Cache : [MISS]
2026/01/23 22:00:17      X-Flog : [gen]
2026/01/23 22:00:17      Server : [Varnish]
2026/01/23 22:00:17      Retry-After : [0]
2026/01/23 22:00:17      Content-Type : [text/html]
2026/01/23 22:00:17      Via : [1.1 varnish]
2026/01/23 22:00:17      X-Served-By : [cache-yyz4551-YYZ]
2026/01/23 22:00:17      X-Cache-Hits : [0]
2026/01/23 22:00:17 Headers:
2026/01/23 22:00:17      Retry-After : [0]
2026/01/23 22:00:17      Content-Type : [text/html]
2026/01/23 22:00:17      Accept-Ranges : [bytes]
2026/01/23 22:00:17      Date : [Fri, 23 Jan 2026 22:00:17 GMT]
2026/01/23 22:00:17      Via : [1.1 varnish]
2026/01/23 22:00:17      X-Cache : [MISS]
2026/01/23 22:00:17      Server : [Varnish]
2026/01/23 22:00:17      X-Served-By : [cache-yyz4551-YYZ]
2026/01/23 22:00:17      X-Cache-Hits : [0]
2026/01/23 22:00:17      X-Flog : [gen]
2026/01/23 22:00:17      Content-Length : [3264]
2026/01/23 22:00:18 Error retrieving article https://clicks.mozilla.org/f/a/OYQNA8685O4QO9SUT4rO_g~~/AAQRxRA~/aJXH1R8fuy5bzqrgEQCwV2CzVTljSjOESomgY7wPgHli619L0VJjCLGIL5biSfKTty33vSx_2WzVVW11-FO1W1UFRQp8_ECQORhSceHQlkpgdEm8GdqIWKPrhrDZwd4TZMbrfmFc2EToJxMBXiDQqZ0WcOtNnbANDOwazjpsQPw-n1UWu5kbDfYs2Jdgr18m3yzXKrTWpN3pVoXPe-Fbv3XFsSIwm12cfKAG7fcxwMHWrWeWO2amUWnPSeRs7glIYGuqL5Cbc1HxQTsSgqop7vS2B6iMm7tAScvSNpMg3qcjjYnqGNG3_p5DW7L1Kp0T7CCYIRM969WmYnrK7Agczohp8wliDDPnubCZuN-ci4hhnv_8ngxxKMSTFauKbyIpnP7eQcY_0kIL5ohtmrW4ZynYZGdZoAu5Bf-oLv5ExxDiJ_WLdjE3GE3MihIYl-29S9CHx-vYGPR-iIFIqUYr_A~~: curl failed: exit status 22 - adding with empty contents
